[2026-04-08T16:30:32.831Z] [ERROR] test | userId=1 error=something was wrong
[2026-04-08T16:31:24.841Z] [ERROR] test | userId=1 error=something was wrong
[2026-05-04T14:52:15.883Z] [ERROR] TeamController.getGroupDetail failed! | userId=5 error=TypeError: Cannot convert object to primitive value
[2026-05-04T14:53:43.638Z] [ERROR] TeamController.getGroupDetail failed! | userId=5 error=TypeError: Cannot convert object to primitive value
[2026-05-04T14:54:54.369Z] [ERROR] TeamController.getGroupDetail failed! | userId=5 error=TypeError: Cannot convert object to primitive value
[2026-05-04T14:56:19.635Z] [ERROR] TeamController.getGroupDetail failed! | userId=5 error=TypeError: Cannot convert object to primitive value
[2026-05-04T14:57:04.593Z] [ERROR] TeamController.getGroupDetail failed! | userId=5 error=TypeError: Cannot convert object to primitive value
[2026-05-04T14:58:10.995Z] [ERROR] TeamController.getGroupDetail failed! | userId=5 error=TypeError: Cannot convert object to primitive value
[2026-05-04T14:58:54.215Z] [ERROR] TeamController.getGroupDetail failed! | userId=5 error=TypeError: Cannot convert object to primitive value
[2026-05-04T15:04:20.035Z] [ERROR] TeamService.generateInviteLink failed! | userId=5 error=PrismaClientValidationError: 
Invalid `this.prisma.invitation.findFirst()` invocation in
C:\Users\Dell\Desktop\AI_MENTOR\backend\src\services\teamService.ts:135:69

  132 const expiresAt = new Date();
  133 expiresAt.setHours(expiresAt.getHours() + 24);
  134 
→ 135 const existingInvitation = await this.prisma.invitation.findFirst({
        where: {
          leaderId: 5,
      +   groupId: {
      +     equals: Int | IntFieldRefInput,
      +     in: Int[],
      +     notIn: Int[],
      +     lt: Int | IntFieldRefInput,
      +     lte: Int | IntFieldRefInput,
      +     gt: Int | IntFieldRefInput,
      +     gte: Int | IntFieldRefInput,
      +     not: Int | NestedIntFilter
      +   }
        }
      })

Argument `groupId` is missing.
[2026-05-04T15:04:29.348Z] [ERROR] TeamService.generateInviteLink failed! | userId=5 error=PrismaClientValidationError: 
Invalid `this.prisma.invitation.findFirst()` invocation in
C:\Users\Dell\Desktop\AI_MENTOR\backend\src\services\teamService.ts:135:69

  132 const expiresAt = new Date();
  133 expiresAt.setHours(expiresAt.getHours() + 24);
  134 
→ 135 const existingInvitation = await this.prisma.invitation.findFirst({
        where: {
          leaderId: 5,
      +   groupId: {
      +     equals: Int | IntFieldRefInput,
      +     in: Int[],
      +     notIn: Int[],
      +     lt: Int | IntFieldRefInput,
      +     lte: Int | IntFieldRefInput,
      +     gt: Int | IntFieldRefInput,
      +     gte: Int | IntFieldRefInput,
      +     not: Int | NestedIntFilter
      +   }
        }
      })

Argument `groupId` is missing.
[2026-05-04T15:08:59.548Z] [ERROR] TeamService.generateInviteLink failed! | userId=5 error=PrismaClientValidationError: 
Invalid `this.prisma.invitation.findFirst()` invocation in
C:\Users\Dell\Desktop\AI_MENTOR\backend\src\services\teamService.ts:135:69

  132 const expiresAt = new Date();
  133 expiresAt.setHours(expiresAt.getHours() + 24);
  134 
→ 135 const existingInvitation = await this.prisma.invitation.findFirst({
        where: {
          leaderId: 5,
      +   groupId: {
      +     equals: Int | IntFieldRefInput,
      +     in: Int[],
      +     notIn: Int[],
      +     lt: Int | IntFieldRefInput,
      +     lte: Int | IntFieldRefInput,
      +     gt: Int | IntFieldRefInput,
      +     gte: Int | IntFieldRefInput,
      +     not: Int | NestedIntFilter
      +   }
        }
      })

Argument `groupId` is missing.
[2026-05-04T15:17:49.336Z] [ERROR] TeamService.generateInviteLink failed! | userId=5 error=PrismaClientValidationError: 
Invalid `this.prisma.invitation.findFirst()` invocation in
C:\Users\Dell\Desktop\AI_MENTOR\backend\src\services\teamService.ts:135:69

  132 const expiresAt = new Date();
  133 expiresAt.setHours(expiresAt.getHours() + 24);
  134 
→ 135 const existingInvitation = await this.prisma.invitation.findFirst({
        where: {
          leaderId: 5,
      +   groupId: {
      +     equals: Int | IntFieldRefInput,
      +     in: Int[],
      +     notIn: Int[],
      +     lt: Int | IntFieldRefInput,
      +     lte: Int | IntFieldRefInput,
      +     gt: Int | IntFieldRefInput,
      +     gte: Int | IntFieldRefInput,
      +     not: Int | NestedIntFilter
      +   }
        }
      })

Argument `groupId` is missing.
[2026-05-04T15:18:11.011Z] [ERROR] TeamService.generateInviteLink failed! | userId=5 error=PrismaClientValidationError: 
Invalid `this.prisma.invitation.findFirst()` invocation in
C:\Users\Dell\Desktop\AI_MENTOR\backend\src\services\teamService.ts:135:69

  132 const expiresAt = new Date();
  133 expiresAt.setHours(expiresAt.getHours() + 24);
  134 
→ 135 const existingInvitation = await this.prisma.invitation.findFirst({
        where: {
          leaderId: 5,
      +   groupId: {
      +     equals: Int | IntFieldRefInput,
      +     in: Int[],
      +     notIn: Int[],
      +     lt: Int | IntFieldRefInput,
      +     lte: Int | IntFieldRefInput,
      +     gt: Int | IntFieldRefInput,
      +     gte: Int | IntFieldRefInput,
      +     not: Int | NestedIntFilter
      +   }
        }
      })

Argument `groupId` is missing.
[2026-05-23T08:58:57.672Z] [ERROR] TeamService.createGroup failed! | userId=5 error=PrismaClientValidationError: 
Invalid `this.prisma.group.create()` invocation in
C:\Users\Dell\Desktop\AI_MENTOR\backend\src\services\teamService.ts:43:52

  40 async createGroup(userId: number, name: string) {
  41     try {
  42         if (!name) return { status: 400, json: { message: "Group name is required" } };
→ 43         const result = await this.prisma.group.create({
               data: {
                 name: {
                   name: "He"
                 },
                 ~~~~~~~~~~~~
                 ownerId: 5
               }
             })

Argument `name`: Invalid value provided. Expected String, provided Object.
[2026-06-10T15:08:43.576Z] [ERROR] TaskService.deleteTask failed! | userId=5 error=PrismaClientKnownRequestError: 
Invalid `tx.modTracker.upsert()` invocation in
C:\Users\Dell\Desktop\AI_MENTOR\backend\src\services\taskServies.ts:189:56

  186         endDate: endDate ? new Date(endDate) : undefined,
  187     }
  188 });
→ 189 const modTracker = await tx.modTracker.upsert(
Transaction API error: Transaction already closed: A query cannot be executed on an expired transaction. The timeout for this transaction was 5000 ms, however 5158 ms passed since the start of the transaction. Consider increasing the interactive transaction timeout or doing less work in the transaction.
[2026-06-10T15:08:44.605Z] [ERROR] TaskService.deleteTask failed! | userId=5 error=PrismaClientKnownRequestError: Socket timeout (the database failed to respond to a query within the configured timeout— see https://pris.ly/d/sqlite-connector for more details).
[2026-06-10T15:08:48.465Z] [ERROR] TaskService.deleteTask failed! | userId=5 error=PrismaClientKnownRequestError: 
Invalid `tx.modTracker.upsert()` invocation in
C:\Users\Dell\Desktop\AI_MENTOR\backend\src\services\taskServies.ts:189:56

  186         endDate: endDate ? new Date(endDate) : undefined,
  187     }
  188 });
→ 189 const modTracker = await tx.modTracker.upsert(
Transaction API error: Transaction already closed: A query cannot be executed on an expired transaction. The timeout for this transaction was 5000 ms, however 5108 ms passed since the start of the transaction. Consider increasing the interactive transaction timeout or doing less work in the transaction.
[2026-06-10T15:08:53.665Z] [ERROR] TaskService.deleteTask failed! | userId=5 error=PrismaClientKnownRequestError: 
Invalid `tx.modTracker.upsert()` invocation in
C:\Users\Dell\Desktop\AI_MENTOR\backend\src\services\taskServies.ts:189:56

  186         endDate: endDate ? new Date(endDate) : undefined,
  187     }
  188 });
→ 189 const modTracker = await tx.modTracker.upsert(
Transaction API error: Transaction already closed: A query cannot be executed on an expired transaction. The timeout for this transaction was 5000 ms, however 5111 ms passed since the start of the transaction. Consider increasing the interactive transaction timeout or doing less work in the transaction.
[2026-06-10T15:23:43.158Z] [ERROR] TaskService.deleteTask failed! | userId=5 error=PrismaClientKnownRequestError: Transaction API error: Transaction already closed: A commit cannot be executed on an expired transaction. The timeout for this transaction was 5000 ms, however 5281 ms passed since the start of the transaction. Consider increasing the interactive transaction timeout or doing less work in the transaction.
[2026-06-10T15:23:57.222Z] [ERROR] TaskService.deleteTask failed! | userId=5 error=PrismaClientKnownRequestError: Transaction API error: Transaction already closed: A commit cannot be executed on an expired transaction. The timeout for this transaction was 5000 ms, however 5295 ms passed since the start of the transaction. Consider increasing the interactive transaction timeout or doing less work in the transaction.
[2026-06-10T15:26:49.334Z] [ERROR] TaskService.deleteTask failed! | userId=5 error=PrismaClientKnownRequestError: Transaction API error: Transaction already closed: A commit cannot be executed on an expired transaction. The timeout for this transaction was 5000 ms, however 5259 ms passed since the start of the transaction. Consider increasing the interactive transaction timeout or doing less work in the transaction.
[2026-06-10T15:27:54.598Z] [ERROR] ProjectService.updateProjectProgress failed! | userId=5 error=PrismaClientKnownRequestError: 
Invalid `this.prisma.project.update()` invocation in
C:\Users\Dell\Desktop\AI_MENTOR\backend\src\services\projectService.ts:258:39

  255 
  256 const avgProgress = Math.round(result._avg.progress ?? 0);
  257 
→ 258 await this.prisma.project.update(
Socket timeout (the database failed to respond to a query within the configured timeout— see https://pris.ly/d/sqlite-connector for more details).
[2026-06-10T15:27:54.601Z] [ERROR] TaskService.deleteTask failed! | userId=5 error=PrismaClientKnownRequestError: 
Invalid `this.prisma.project.update()` invocation in
C:\Users\Dell\Desktop\AI_MENTOR\backend\src\services\projectService.ts:258:39

  255 
  256 const avgProgress = Math.round(result._avg.progress ?? 0);
  257 
→ 258 await this.prisma.project.update(
Socket timeout (the database failed to respond to a query within the configured timeout— see https://pris.ly/d/sqlite-connector for more details).
[2026-06-10T15:37:39.008Z] [ERROR] ProjectService.updateProjectProgress failed! | userId=5 error=PrismaClientKnownRequestError: 
Invalid `this.prisma.project.update()` invocation in
C:\Users\Dell\Desktop\AI_MENTOR\backend\src\services\projectService.ts:259:39

  256 
  257 const avgProgress = Math.round(result._avg.progress ?? 0);
  258 
→ 259 await this.prisma.project.update(
Socket timeout (the database failed to respond to a query within the configured timeout— see https://pris.ly/d/sqlite-connector for more details).
[2026-06-10T15:37:39.012Z] [ERROR] TaskService.deleteTask failed! | userId=5 error=PrismaClientKnownRequestError: 
Invalid `this.prisma.project.update()` invocation in
C:\Users\Dell\Desktop\AI_MENTOR\backend\src\services\projectService.ts:259:39

  256 
  257 const avgProgress = Math.round(result._avg.progress ?? 0);
  258 
→ 259 await this.prisma.project.update(
Socket timeout (the database failed to respond to a query within the configured timeout— see https://pris.ly/d/sqlite-connector for more details).
[2026-06-22T15:21:23.392Z] [ERROR] TaskService.deleteTask failed! | userId=23 error=PrismaClientKnownRequestError: 
Invalid `prisma.task.update()` invocation:


Unique constraint failed on the fields: (`modifyTestId`)
[2026-06-22T15:21:27.511Z] [ERROR] TaskService.deleteTask failed! | userId=23 error=PrismaClientKnownRequestError: 
Invalid `prisma.task.update()` invocation:


Unique constraint failed on the fields: (`modifyTestId`)
[2026-06-22T15:22:35.980Z] [ERROR] TaskService.deleteTask failed! | userId=23 error=PrismaClientKnownRequestError: 
Invalid `prisma.task.update()` invocation:


Unique constraint failed on the fields: (`modifyTestId`)
[2026-06-22T15:27:17.725Z] [ERROR] TaskService.modifyTask failed! | userId=23 error=PrismaClientKnownRequestError: 
Invalid `prisma.task.update()` invocation:


Unique constraint failed on the fields: (`modifyTestId`)
[2026-06-22T15:28:28.725Z] [ERROR] TaskService.modifyTask failed! | userId=23 error=ReferenceError: Cannot access 'updateTask' before initialization
[2026-06-22T15:29:54.881Z] [ERROR] TaskService.modifyTask failed! | userId=23 error=PrismaClientKnownRequestError: 
Invalid `prisma.task.update()` invocation:


Unique constraint failed on the fields: (`modifyTestId`)
[2026-06-22T15:33:39.766Z] [ERROR] TaskService.modifyTask failed! | userId=23 error=PrismaClientKnownRequestError: 
Invalid `prisma.task.update()` invocation:


Unique constraint failed on the fields: (`modifyTestId`)
[2026-06-22T15:34:49.640Z] [ERROR] TaskService.modifyTask failed! | userId=23 error=ReferenceError: Cannot access 'updateTask' before initialization
[2026-06-22T15:35:16.786Z] [ERROR] TaskService.modifyTask failed! | userId=23 error=ReferenceError: Cannot access 'updateTask' before initialization
[2026-06-22T15:35:43.425Z] [ERROR] TaskService.modifyTask failed! | userId=23 error=PrismaClientKnownRequestError: 
Invalid `prisma.task.update()` invocation:


Unique constraint failed on the fields: (`modifyTestId`)
[2026-06-23T15:35:58.286Z] [ERROR] TeamService.createGroup failed! | userId=23 error=PrismaClientValidationError: 
Invalid `this.prisma.group.create()` invocation in
C:\Users\Dell\Desktop\AI_MENTOR\backend\src\services\teamService.ts:43:52

  40 async createGroup(userId: number, name: string) {
  41     try {
  42         if (!name) return { status: 400, json: { message: "Group name is required" } };
→ 43         const result = await this.prisma.group.create({
               data: {
                 name: {
                   name: "Gg"
                 },
                 ~~~~~~~~~~~~
                 ownerId: 23
               }
             })

Argument `name`: Invalid value provided. Expected String, provided Object.
[2026-06-23T15:36:56.901Z] [ERROR] TeamService.createGroup failed! | userId=23 error=PrismaClientValidationError: 
Invalid `this.prisma.group.create()` invocation in
C:\Users\Dell\Desktop\AI_MENTOR\backend\src\services\teamService.ts:44:52

  41 try {
  42     if (!name) return { status: 400, json: { message: "Group name is required" } };
  43     console.log(name);
→ 44     const result = await this.prisma.group.create({
           data: {
             name: {
               name: "Gg"
             },
             ~~~~~~~~~~~~
             ownerId: 23
           }
         })

Argument `name`: Invalid value provided. Expected String, provided Object.
[2026-06-23T15:39:26.958Z] [ERROR] TeamService.createGroup failed! | userId=23 error=PrismaClientValidationError: 
Invalid `this.prisma.group.create()` invocation in
C:\Users\Dell\Desktop\AI_MENTOR\backend\src\services\teamService.ts:46:52

  43 console.log(name);
  44 if (!name) return { status: 400, json: { message: "Group name is required" } };
  45 
→ 46 const result = await this.prisma.group.create({
       data: {
         name: {
           name: "Team Alpha"
         },
         ~~~~~~~~~~~~~~~~~~~~
         ownerId: 23
       }
     })

Argument `name`: Invalid value provided. Expected String, provided Object.
[2026-06-23T15:39:52.575Z] [ERROR] TeamService.createGroup failed! | userId=23 error=PrismaClientValidationError: 
Invalid `this.prisma.group.create()` invocation in
C:\Users\Dell\Desktop\AI_MENTOR\backend\src\services\teamService.ts:46:52

  43 console.log(name.name);
  44 if (!name) return { status: 400, json: { message: "Group name is required" } };
  45 
→ 46 const result = await this.prisma.group.create({
       data: {
         name: {
           name: "Team Alpha"
         },
         ~~~~~~~~~~~~~~~~~~~~
         ownerId: 23
       }
     })

Argument `name`: Invalid value provided. Expected String, provided Object.
[2026-06-30T15:27:31.337Z] [ERROR] Notiautomation controller.sendRequestConfirmNoti failed! | userId=23 error=PrismaClientKnownRequestError: 
Invalid `prisma.notification.create()` invocation in
C:\Users\Dell\Desktop\AI_MENTOR\backend\src\libs\notificationService.ts:13:36

  10     requestId?: number
  11 }
  12 export const createNotification = async (prisma: any, data:Item ) => {
→ 13   return await prisma.notification.create(
Foreign key constraint violated on the foreign key
[2026-06-30T15:29:33.852Z] [ERROR] Notiautomation controller.sendRequestConfirmNoti failed! | userId=23 error=PrismaClientKnownRequestError: 
Invalid `prisma.notification.create()` invocation in
C:\Users\Dell\Desktop\AI_MENTOR\backend\src\libs\notificationService.ts:13:36

  10     requestId?: number
  11 }
  12 export const createNotification = async (prisma: any, data:Item ) => {
→ 13   return await prisma.notification.create(
Foreign key constraint violated on the foreign key
[2026-06-30T15:32:47.788Z] [ERROR] Notiautomation controller.sendRequestConfirmNoti failed! | userId=23 error=PrismaClientKnownRequestError: 
Invalid `prisma.notification.create()` invocation in
C:\Users\Dell\Desktop\AI_MENTOR\backend\src\libs\notificationService.ts:13:36

  10     requestId?: number
  11 }
  12 export const createNotification = async (prisma: any, data:Item ) => {
→ 13   return await prisma.notification.create(
Foreign key constraint violated on the foreign key
[2026-06-30T15:44:00.069Z] [ERROR] Notiautomation controller.sendRequestConfirmNoti failed! | userId=23 error=PrismaClientKnownRequestError: 
Invalid `prisma.notification.create()` invocation in
C:\Users\Dell\Desktop\AI_MENTOR\backend\src\libs\notificationService.ts:19:36

  16 const type: any = data?.type;
  17 const body: string = data?.body;
  18 logger.debug("testing group noti", { test, rId, type, body });
→ 19 return await prisma.notification.create(
Foreign key constraint violated on the foreign key
[2026-06-30T15:48:50.512Z] [ERROR] Notiautomation controller.sendRequestConfirmNoti failed! | userId=23 error=PrismaClientKnownRequestError: 
Invalid `prisma.notification.create()` invocation in
C:\Users\Dell\Desktop\AI_MENTOR\backend\src\libs\notificationService.ts:19:36

  16 const type: any = data?.type;
  17 const body: string = data?.body;
  18 logger.debug("testing group noti", { test, rId, type, body });
→ 19 return await prisma.notification.create(
Foreign key constraint violated on the foreign key
[2026-07-02T15:05:54.222Z] [ERROR] TeamService.userConntectWithInviteLink failed! | userId=23 error=PrismaClientKnownRequestError: 
Invalid `tx.task.update()` invocation in
C:\Users\Dell\Desktop\AI_MENTOR\backend\src\services\assignService.ts:47:31

  44         assignUser: { connect: { id: Number(assignUserId) } }
  45     }
  46 });
→ 47 await tx.task.update(
Foreign key constraint violated on the foreign key
[2026-07-02T15:07:12.966Z] [ERROR] TeamService.userConntectWithInviteLink failed! | userId=23 error=PrismaClientKnownRequestError: 
Invalid `tx.task.update()` invocation in
C:\Users\Dell\Desktop\AI_MENTOR\backend\src\services\assignService.ts:50:31

  47         assignUser: { connect: { id: Number(assignUserId) } }
  48     }
  49 });
→ 50 await tx.task.update(
Foreign key constraint violated on the foreign key
[2026-07-02T15:19:11.571Z] [ERROR] TeamService.userConntectWithInviteLink failed! | userId=23 error=PrismaClientKnownRequestError: 
Invalid `tx.task.update()` invocation in
C:\Users\Dell\Desktop\AI_MENTOR\backend\src\services\assignService.ts:50:31

  47         assignUser: { connect: { id: Number(assignUserId) } }
  48     }
  49 });
→ 50 await tx.task.update(
Foreign key constraint violated on the foreign key
[2026-08-06T15:29:23.822Z] [ERROR] TeamService.adminGroupLeft failed! | userId=23 error=PrismaClientValidationError: 
Invalid `tx.group.update()` invocation in
C:\Users\Dell\Desktop\AI_MENTOR\backend\src\services\teamService.ts:299:52

  296 async adminGroupLeft(chUserId: number, gpId: number, requestLeftUserId: number, io: any) {
  297     try {
  298         const updateResult = await this.prisma.$transaction(async (tx) => {
→ 299             const updateGroup = await tx.group.update({
                    where: {
                      id: undefined,
                  ?   AND?: GroupWhereInput | GroupWhereInput[],
                  ?   OR?: GroupWhereInput[],
                  ?   NOT?: GroupWhereInput | GroupWhereInput[],
                  ?   name?: StringFilter | String,
                  ?   ownerId?: IntFilter | Int,
                  ?   owner?: UserScalarRelationFilter | UserWhereInput,
                  ?   invitations?: InvitationListRelationFilter,
                  ?   members?: GroupMemberListRelationFilter
                    },
                    data: {
                      ownerId: undefined
                    }
                  })

Argument `where` of type GroupWhereUniqueInput needs at least one of `id` arguments. Available options are marked with ?.
[2026-08-06T15:29:30.911Z] [ERROR] TeamService.adminGroupLeft failed! | userId=23 error=PrismaClientValidationError: 
Invalid `tx.group.update()` invocation in
C:\Users\Dell\Desktop\AI_MENTOR\backend\src\services\teamService.ts:299:52

  296 async adminGroupLeft(chUserId: number, gpId: number, requestLeftUserId: number, io: any) {
  297     try {
  298         const updateResult = await this.prisma.$transaction(async (tx) => {
→ 299             const updateGroup = await tx.group.update({
                    where: {
                      id: undefined,
                  ?   AND?: GroupWhereInput | GroupWhereInput[],
                  ?   OR?: GroupWhereInput[],
                  ?   NOT?: GroupWhereInput | GroupWhereInput[],
                  ?   name?: StringFilter | String,
                  ?   ownerId?: IntFilter | Int,
                  ?   owner?: UserScalarRelationFilter | UserWhereInput,
                  ?   invitations?: InvitationListRelationFilter,
                  ?   members?: GroupMemberListRelationFilter
                    },
                    data: {
                      ownerId: undefined
                    }
                  })

Argument `where` of type GroupWhereUniqueInput needs at least one of `id` arguments. Available options are marked with ?.
[2026-08-06T15:32:08.315Z] [ERROR] TeamService.adminGroupLeft failed! | userId=23 error=PrismaClientValidationError: 
Invalid `tx.groupMember.update()` invocation in
C:\Users\Dell\Desktop\AI_MENTOR\backend\src\services\teamService.ts:305:38

  302         ownerId: chUserId
  303     }
  304 });
→ 305 await tx.groupMember.update({
        where: {
          groupId_userId: {
            groupId: 15,
      +     userId: Int
          }
        },
        data: {
          role: "ADMIN"
        }
      })

Argument `userId` is missing.
[2026-08-19T15:04:12.874Z] [ERROR] TeamService.groupLeftRequest failed! | userId=5 error=PrismaClientKnownRequestError: 
Invalid `this.prisma.joinRequest.create()` invocation in
C:\Users\Dell\Desktop\AI_MENTOR\backend\src\services\teamService.ts:362:65

  359 if (!groupAdmin) {
  360     return;
  361 }
→ 362 const requestResult = await this.prisma.joinRequest.create(
Unique constraint failed on the fields: (`groupId`,`userId`)
[2026-08-19T15:08:22.699Z] [ERROR] TeamService.groupLeftRequest failed! | userId=5 error=PrismaClientKnownRequestError: 
Invalid `this.prisma.joinRequest.create()` invocation in
C:\Users\Dell\Desktop\AI_MENTOR\backend\src\services\teamService.ts:363:65

  360 if (!groupAdmin) {
  361     return;
  362 }
→ 363 const requestResult = await this.prisma.joinRequest.create(
Unique constraint failed on the fields: (`groupId`,`userId`)
[2026-08-19T15:11:16.595Z] [ERROR] TeamService.groupLeftRequest failed! | userId=5 error=PrismaClientKnownRequestError: 
Invalid `this.prisma.joinRequest.create()` invocation in
C:\Users\Dell\Desktop\AI_MENTOR\backend\src\services\teamService.ts:366:65

  363         json: { message: "Group admin not found" }
  364     }
  365 }
→ 366 const requestResult = await this.prisma.joinRequest.create(
Unique constraint failed on the fields: (`groupId`,`userId`)
[2026-08-19T15:13:41.675Z] [ERROR] TeamService.groupLeftRequest failed! | userId=5 error=PrismaClientKnownRequestError: 
Invalid `this.prisma.joinRequest.create()` invocation in
C:\Users\Dell\Desktop\AI_MENTOR\backend\src\services\teamService.ts:365:65

  362         json: { message: "Group admin not found" }
  363     }
  364 }
→ 365 const requestResult = await this.prisma.joinRequest.create(
Unique constraint failed on the fields: (`groupId`,`userId`)
[2026-08-19T15:14:48.192Z] [ERROR] TeamService.groupLeftRequest failed! | userId=5 error=PrismaClientKnownRequestError: 
Invalid `this.prisma.joinRequest.create()` invocation in
C:\Users\Dell\Desktop\AI_MENTOR\backend\src\services\teamService.ts:366:65

  363         json: { message: "Group admin not found" }
  364     }
  365 }
→ 366 const requestResult = await this.prisma.joinRequest.create(
Unique constraint failed on the fields: (`groupId`,`userId`)
[2026-08-19T15:15:12.625Z] [ERROR] TeamService.groupLeftRequest failed! | userId=5 error=PrismaClientKnownRequestError: 
Invalid `this.prisma.joinRequest.create()` invocation in
C:\Users\Dell\Desktop\AI_MENTOR\backend\src\services\teamService.ts:366:65

  363         json: { message: "Group admin not found" }
  364     }
  365 }
→ 366 const requestResult = await this.prisma.joinRequest.create(
Unique constraint failed on the fields: (`groupId`,`userId`)
[2026-08-20T14:58:55.802Z] [ERROR] NotificationService.createNoti failed! | userId=23 error=PrismaClientValidationError: 
Invalid `this.prisma.notification.create()` invocation in
C:\Users\Dell\Desktop\AI_MENTOR\backend\src\services\notificationService.ts:24:44

  21 async createNoti(data: Item) {
  22     const { authorId } = data;
  23     try {
→ 24         await this.prisma.notification.create({
               data: {
                 header: "Alert user undefined was reqest to leave group",
                 body: "I wanna left from group so my assign task to take back",
                 authorId: 23,
                 info: "LEFT",
                 ~~~~
                 type: "REQUEST",
                 requestId: 13,
             ?   id?: Int,
             ?   read?: Boolean,
             ?   taskId?: Int | Null,
             ?   projectId?: Int | Null,
             ?   isAction?: Boolean,
             ?   createdAt?: DateTime
               }
             })

Unknown argument `info`. Did you mean `id`? Available options are marked with ?.
[2026-08-20T15:18:20.962Z] [ERROR] NotificationService.createNoti failed! | userId=5 error=PrismaClientValidationError: 
Invalid `this.prisma.notification.create()` invocation in
C:\Users\Dell\Desktop\AI_MENTOR\backend\src\services\notificationService.ts:24:44

  21 async createNoti(data: Item) {
  22     const { authorId } = data;
  23     try {
→ 24         await this.prisma.notification.create({
               data: {
                 header: "Alert!",
                 body: "You have been rejected to left the group",
                 authorId: 5,
                 info: "LEFT",
                 ~~~~
                 type: "ALERT",
             ?   id?: Int,
             ?   read?: Boolean,
             ?   taskId?: Int | Null,
             ?   projectId?: Int | Null,
             ?   requestId?: Int | Null,
             ?   isAction?: Boolean,
             ?   createdAt?: DateTime
               }
             })

Unknown argument `info`. Did you mean `id`? Available options are marked with ?.
[2026-08-20T15:18:51.236Z] [ERROR] TeamService.handleAcceptedLeftGroup failed! | userId=14 error=PrismaClientValidationError: 
Invalid `tx.task.updateMany()` invocation in
C:\Users\Dell\Desktop\AI_MENTOR\backend\src\services\teamService.ts:405:35

  402     where: { id: joinRequest?.groupId },
  403     select: { ownerId: true }
  404 })
→ 405 await tx.task.updateMany({
        where: {
          groupId: 16,
          assignedUserId: 5,
          status: {
            not: "DONE"
          }
        },
        data: {
          assignedUserId: 23,
          ~~~~~~~~~~~~~~
      ?   name?: String | StringFieldUpdateOperationsInput,
      ?   startDate?: DateTime | NullableDateTimeFieldUpdateOperationsInput | Null,
      ?   endDate?: DateTime | NullableDateTimeFieldUpdateOperationsInput | Null,
      ?   duration?: Int | NullableIntFieldUpdateOperationsInput | Null,
      ?   delay?: Int | NullableIntFieldUpdateOperationsInput | Null,
      ?   reason?: String | NullableStringFieldUpdateOperationsInput | Null,
      ?   priority?: String | StringFieldUpdateOperationsInput,
      ?   status?: Status | EnumStatusFieldUpdateOperationsInput,
      ?   note?: String | NullableStringFieldUpdateOperationsInput | Null,
      ?   progress?: Int | IntFieldUpdateOperationsInput,
      ?   notifiable?: Boolean | BoolFieldUpdateOperationsInput,
      ?   createdAt?: DateTime | DateTimeFieldUpdateOperationsInput,
      ?   updatedAt?: DateTime | NullableDateTimeFieldUpdateOperationsInput | Null
        }
      })

Unknown argument `assignedUserId`. Available options are marked with ?.
[2026-08-20T15:31:32.020Z] [ERROR] TeamService.handleAcceptedLeftGroup failed! | userId=14 error=PrismaClientValidationError: 
Invalid `tx.task.updateMany()` invocation in
C:\Users\Dell\Desktop\AI_MENTOR\backend\src\services\teamService.ts:405:35

  402     where: { id: joinRequest?.groupId },
  403     select: { ownerId: true }
  404 })
→ 405 await tx.task.updateMany({
        where: {
          groupId: 16,
          ~~~~~~~
          assignedUserId: 5,
          status: {
            not: "DONE"
          },
      ?   AND?: TaskWhereInput | TaskWhereInput[],
      ?   OR?: TaskWhereInput[],
      ?   NOT?: TaskWhereInput | TaskWhereInput[],
      ?   id?: IntFilter | Int,
      ?   name?: StringFilter | String,
      ?   startDate?: DateTimeNullableFilter | DateTime | Null,
      ?   endDate?: DateTimeNullableFilter | DateTime | Null,
      ?   duration?: IntNullableFilter | Int | Null,
      ?   delay?: IntNullableFilter | Int | Null,
      ?   reason?: StringNullableFilter | String | Null,
      ?   priority?: StringFilter | String,
      ?   note?: StringNullableFilter | String | Null,
      ?   progress?: IntFilter | Int,
      ?   authorId?: IntFilter | Int,
      ?   projectId?: IntFilter | Int,
      ?   notifiable?: BoolFilter | Boolean,
      ?   assignId?: IntNullableFilter | Int | Null,
      ?   createdAt?: DateTimeFilter | DateTime,
      ?   updatedAt?: DateTimeNullableFilter | DateTime | Null,
      ?   notifications?: NotificationListRelationFilter,
      ?   author?: UserScalarRelationFilter | UserWhereInput,
      ?   project?: ProjectScalarRelationFilter | ProjectWhereInput,
      ?   assignTo?: AssignTrackNullableScalarRelationFilter | AssignTrackWhereInput | Null,
      ?   modTrackers?: ModTrackerListRelationFilter
        },
        data: {
          assignId: 23
        }
      })

Unknown argument `groupId`. Available options are marked with ?.
[2026-08-20T15:33:35.462Z] [ERROR] TeamService.handleAcceptedLeftGroup failed! | userId=14 error=PrismaClientValidationError: 
Invalid `tx.task.updateMany()` invocation in
C:\Users\Dell\Desktop\AI_MENTOR\backend\src\services\teamService.ts:405:35

  402     where: { id: joinRequest?.groupId },
  403     select: { ownerId: true }
  404 })
→ 405 await tx.task.updateMany({
        where: {
          authorId: 23,
          assignedUserId: 5,
          ~~~~~~~~~~~~~~
          status: {
            not: "DONE"
          },
      ?   AND?: TaskWhereInput | TaskWhereInput[],
      ?   OR?: TaskWhereInput[],
      ?   NOT?: TaskWhereInput | TaskWhereInput[],
      ?   id?: IntFilter | Int,
      ?   name?: StringFilter | String,
      ?   startDate?: DateTimeNullableFilter | DateTime | Null,
      ?   endDate?: DateTimeNullableFilter | DateTime | Null,
      ?   duration?: IntNullableFilter | Int | Null,
      ?   delay?: IntNullableFilter | Int | Null,
      ?   reason?: StringNullableFilter | String | Null,
      ?   priority?: StringFilter | String,
      ?   note?: StringNullableFilter | String | Null,
      ?   progress?: IntFilter | Int,
      ?   projectId?: IntFilter | Int,
      ?   notifiable?: BoolFilter | Boolean,
      ?   assignId?: IntNullableFilter | Int | Null,
      ?   createdAt?: DateTimeFilter | DateTime,
      ?   updatedAt?: DateTimeNullableFilter | DateTime | Null,
      ?   notifications?: NotificationListRelationFilter,
      ?   author?: UserScalarRelationFilter | UserWhereInput,
      ?   project?: ProjectScalarRelationFilter | ProjectWhereInput,
      ?   assignTo?: AssignTrackNullableScalarRelationFilter | AssignTrackWhereInput | Null,
      ?   modTrackers?: ModTrackerListRelationFilter
        },
        data: {
          assignId: 23
        }
      })

Unknown argument `assignedUserId`. Available options are marked with ?.
[2026-08-20T15:39:59.503Z] [ERROR] TeamService.handleAcceptedLeftGroup failed! | userId=14 error=PrismaClientKnownRequestError: 
Invalid `tx.assignTrack.update()` invocation in
C:\Users\Dell\Desktop\AI_MENTOR\backend\src\services\teamService.ts:416:42

  413         }
  414     }
  415 })
→ 416 await tx.assignTrack.update(
An operation failed because it depends on one or more records that were required but not found. No record was found for an update.
[2026-08-20T15:51:02.872Z] [ERROR] NotificationService.createNoti failed! | userId=5 error=PrismaClientValidationError: 
Invalid `this.prisma.notification.create()` invocation in
C:\Users\Dell\Desktop\AI_MENTOR\backend\src\services\notificationService.ts:24:44

  21 async createNoti(data: Item) {
  22     const { authorId } = data;
  23     try {
→ 24         await this.prisma.notification.create({
               data: {
                 header: "Alert!",
                 body: "You have been accepted to left the group",
                 authorId: 5,
                 info: "LEFT",
                 ~~~~
                 type: "ALERT",
             ?   id?: Int,
             ?   read?: Boolean,
             ?   taskId?: Int | Null,
             ?   projectId?: Int | Null,
             ?   requestId?: Int | Null,
             ?   isAction?: Boolean,
             ?   createdAt?: DateTime
               }
             })

Unknown argument `info`. Did you mean `id`? Available options are marked with ?.
[2026-08-26T15:26:56.222Z] [ERROR] TeamService.handleAcceptedLeftGroup failed! | userId=15 error=Error: Task not found
[2026-08-26T15:53:58.323Z] [ERROR] TeamService.handleAcceptedLeftGroup failed! | userId=16 error=Error: Task not found
[2026-08-26T15:54:29.957Z] [ERROR] TeamService.groupLeftRequest failed! | userId=5 error=PrismaClientKnownRequestError: 
Invalid `this.prisma.joinRequest.create()` invocation in
C:\Users\Dell\Desktop\AI_MENTOR\backend\src\services\teamService.ts:365:65

  362         json: { message: "Group admin not found" }
  363     }
  364 }
→ 365 const requestResult = await this.prisma.joinRequest.create(
Unique constraint failed on the fields: (`groupId`,`userId`,`info`)
[2026-09-02T14:59:08.456Z] [ERROR] UserService.getSignature failed! | userId=23 error=Error: Missing Cloudinary environment variables on backend.
[2026-09-02T14:59:50.910Z] [ERROR] UserService.getSignature failed! | userId=23 error=Error: Missing Cloudinary environment variables on backend.
